SORT BY [d_year ASC NULLS FIRST, c_nation ASC NULLS FIRST] stats={rows=32}
  GATHER EXCHANGE stats={rows=32}
    PROJECT [d_year, c_nation, sum(lo_revenue) - sum(lo_supplycost) AS profit] stats={rows=32}
      HASH AGGREGATE (GLOBAL, group by: [d_year, c_nation]) stats={rows=32}
        aggregations: sum(lo_revenue), sum(lo_supplycost)
        HASH EXCHANGE (source: ShuffleAgg, hash: [c22, c39]) stats={rows=32}
          HASH AGGREGATE (LOCAL, group by: [d_year, c_nation]) stats={rows=32}
            aggregations: sum(lo_revenue), sum(lo_supplycost)
            HASH JOIN (BROADCAST, INNER, eq: [lo_orderdate = d_datekey]) stats={rows=25000000000}
              build runtime filters:
              - filter_id = 3, build_expr = (d_datekey)
              HASH JOIN (BROADCAST, INNER, eq: [lo_custkey = c_custkey]) stats={rows=1000000}
                build runtime filters:
                - filter_id = 2, build_expr = (c_custkey)
                HASH JOIN (BROADCAST, INNER, eq: [lo_suppkey = s_suppkey]) stats={rows=1000000}
                  build runtime filters:
                  - filter_id = 1, build_expr = (s_suppkey)
                  HASH JOIN (BROADCAST, INNER, eq: [lo_partkey = p_partkey]) stats={rows=1000000}
                    build runtime filters:
                    - filter_id = 0, build_expr = (p_partkey)
                    SCAN ssb.lineorder stats={rows=1000000}
                         TABLE: ssb.lineorder
                         columns: lo_custkey, lo_partkey, lo_suppkey, lo_orderdate, lo_revenue, lo_supplycost
                         min-max stats
                        probe runtime filters:
                        - filter_id = 0, probe_expr = (lo_partkey)
                        - filter_id = 1, probe_expr = (lo_suppkey)
                        - filter_id = 2, probe_expr = (lo_custkey)
                        - filter_id = 3, probe_expr = (lo_orderdate)
                    BROADCAST EXCHANGE stats={rows=21875}
                      SCAN ssb.part stats={rows=21875}
                           TABLE: ssb.part
                           columns: p_partkey, p_mfgr
                           min-max stats
                           predicates: p_mfgr = 'MFGR#1' OR p_mfgr = 'MFGR#2' AND p_mfgr IN ('MFGR#1', 'MFGR#2')
                  BROADCAST EXCHANGE stats={rows=25000}
                    SCAN ssb.supplier stats={rows=25000}
                         TABLE: ssb.supplier
                         columns: s_suppkey, s_region
                         min-max stats
                         predicates: s_region = 'AMERICA'
                BROADCAST EXCHANGE stats={rows=25000}
                  SCAN ssb.customer stats={rows=25000}
                       TABLE: ssb.customer
                       columns: c_custkey, c_nation, c_region
                       min-max stats
                       predicates: c_region = 'AMERICA'
              BROADCAST EXCHANGE stats={rows=100000}
                SCAN ssb.dates stats={rows=100000}
                     TABLE: ssb.dates
                     columns: d_datekey, d_year
                     min-max stats
