TOP-N (limit=100) [total_cnt DESC NULLS LAST, i_item_desc ASC NULLS FIRST, w_warehouse_name ASC NULLS FIRST, d_week_seq ASC NULLS FIRST] stats={rows=56}
  TOP-N (limit=100, offset=0) [total_cnt DESC NULLS LAST, i_item_desc ASC NULLS FIRST, w_warehouse_name ASC NULLS FIRST, d_week_seq ASC NULLS FIRST] stats={rows=56}
    PROJECT [i_item_desc, w_warehouse_name, d1.d_week_seq AS d_week_seq, sum(CASE WHEN p_promo_sk IS NULL THEN 1 ELSE 0 END) AS no_promo, sum(CASE WHEN p_promo_sk IS NOT NULL THEN 1 ELSE 0 END) AS promo, count() AS total_cnt] stats={rows=56}
      HASH AGGREGATE (GLOBAL, group by: [i_item_desc, w_warehouse_name, d1.d_week_seq]) stats={rows=56}
        aggregations: sum(CASE WHEN p_promo_sk IS NULL THEN 1 ELSE 0 END), sum(CASE WHEN p_promo_sk IS NOT NULL THEN 1 ELSE 0 END), count()
        HASH EXCHANGE (source: ShuffleAgg, hash: [c57, c41, c93]) stats={rows=56}
          HASH AGGREGATE (LOCAL, group by: [i_item_desc, w_warehouse_name, d1.d_week_seq]) stats={rows=56}
            aggregations: sum(CASE WHEN p_promo_sk IS NULL THEN 1 ELSE 0 END), sum(CASE WHEN p_promo_sk IS NOT NULL THEN 1 ELSE 0 END), count()
            HASH JOIN (PARTITIONED, RIGHT OUTER, eq: [cr_item_sk = cs_item_sk, cr_order_number = cs_order_number]) stats={rows=316406250000}
              HASH EXCHANGE (source: ShuffleJoin, hash: [c192, c193]) stats={rows=1000000}
                SCAN tpcds.catalog_returns stats={rows=1000000}
                     TABLE: tpcds.catalog_returns
                     columns: cr_item_sk, cr_order_number
                     min-max stats
              HASH EXCHANGE (source: ShuffleJoin, hash: [c1, c2]) stats={rows=316406250000}
                HASH JOIN (BROADCAST, LEFT OUTER, eq: [cs_promo_sk = p_promo_sk]) stats={rows=316406250000}
                  HASH JOIN (BROADCAST, INNER, eq: [cs_item_sk = i_item_sk]) stats={rows=316406250000}
                    build runtime filters:
                    - filter_id = 5, build_expr = (i_item_sk)
                    HASH JOIN (BROADCAST, INNER, eq: [inv_warehouse_sk = w_warehouse_sk]) stats={rows=316406250000}
                      build runtime filters:
                      - filter_id = 4, build_expr = (w_warehouse_sk)
                      HASH JOIN (BROADCAST, INNER, eq: [cs_bill_cdemo_sk = cd_demo_sk]) stats={rows=316406250000}
                        build runtime filters:
                        - filter_id = 3, build_expr = (cd_demo_sk)
                        HASH JOIN (BROADCAST, INNER, eq: [cs_bill_hdemo_sk = hd_demo_sk]) stats={rows=316406250000}
                          build runtime filters:
                          - filter_id = 2, build_expr = (hd_demo_sk)
                          HASH JOIN (BROADCAST, INNER, eq: [cs_ship_date_sk = d3.d_date_sk]) stats={rows=316406250000}
                            other: d3.d_date > d1.d_date + 5
                            build runtime filters:
                            - filter_id = 1, build_expr = (d3.d_date_sk)
                            HASH JOIN (PARTITIONED, INNER, eq: [cs_item_sk = inv_item_sk, cs_sold_date_sk = d1.d_date_sk]) stats={rows=632812500000}
                              other: inv_quantity_on_hand < cs_quantity
                              HASH EXCHANGE (source: ShuffleJoin, hash: [c1, c3]) stats={rows=1000000}
                                SCAN tpcds.catalog_sales stats={rows=1000000}
                                     TABLE: tpcds.catalog_sales
                                     columns: cs_item_sk, cs_order_number, cs_sold_date_sk, cs_ship_date_sk, cs_bill_cdemo_sk, cs_bill_hdemo_sk, cs_promo_sk, cs_quantity
                                     min-max stats
                                    probe runtime filters:
                                    - filter_id = 1, probe_expr = (cs_ship_date_sk)
                                    - filter_id = 2, probe_expr = (cs_bill_hdemo_sk)
                                    - filter_id = 3, probe_expr = (cs_bill_cdemo_sk)
                                    - filter_id = 5, probe_expr = (cs_item_sk)
                              HASH EXCHANGE (source: ShuffleJoin, hash: [c36, c89]) stats={rows=1265625000000}
                                HASH JOIN (PARTITIONED, INNER, eq: [inv_date_sk = d2.d_date_sk]) stats={rows=1265625000000}
                                  HASH EXCHANGE (source: ShuffleJoin, hash: [c35]) stats={rows=1000000}
                                    SCAN tpcds.inventory stats={rows=1000000}
                                         TABLE: tpcds.inventory
                                         columns: inv_date_sk, inv_item_sk, inv_warehouse_sk, inv_quantity_on_hand
                                         min-max stats
                                        probe runtime filters:
                                        - filter_id = 4, probe_expr = (inv_warehouse_sk)
                                  HASH EXCHANGE (source: ShuffleJoin, hash: [c117]) stats={rows=5062500}
                                    HASH JOIN (BROADCAST, INNER, eq: [d2.d_week_seq = d1.d_week_seq]) stats={rows=5062500}
                                      build runtime filters:
                                      - filter_id = 0, build_expr = (d1.d_week_seq)
                                      SCAN tpcds.date_dim (alias=d2) stats={rows=9000}
                                           TABLE: tpcds.date_dim
                                           columns: d_date_sk, d_week_seq
                                           min-max stats
                                           predicates: d2.d_week_seq IS NOT NULL
                                          probe runtime filters:
                                          - filter_id = 0, probe_expr = (d2.d_week_seq)
                                      BROADCAST EXCHANGE stats={rows=2250}
                                        SCAN tpcds.date_dim (alias=d1) stats={rows=2250}
                                             TABLE: tpcds.date_dim
                                             columns: d_date_sk, d_date, d_week_seq, d_year
                                             min-max stats
                                             predicates: d1.d_year = 1999 AND d1.d_week_seq IS NOT NULL
                            BROADCAST EXCHANGE stats={rows=10000}
                              SCAN tpcds.date_dim (alias=d3) stats={rows=10000}
                                   TABLE: tpcds.date_dim
                                   columns: d_date_sk, d_date
                                   min-max stats
                          BROADCAST EXCHANGE stats={rows=25000}
                            SCAN tpcds.household_demographics stats={rows=25000}
                                 TABLE: tpcds.household_demographics
                                 columns: hd_demo_sk, hd_buy_potential
                                 min-max stats
                                 predicates: hd_buy_potential = '>10000'
                        BROADCAST EXCHANGE stats={rows=2500}
                          SCAN tpcds.customer_demographics stats={rows=2500}
                               TABLE: tpcds.customer_demographics
                               columns: cd_demo_sk, cd_marital_status
                               min-max stats
                               predicates: cd_marital_status = 'D'
                      BROADCAST EXCHANGE stats={rows=10000}
                        SCAN tpcds.warehouse stats={rows=10000}
                             TABLE: tpcds.warehouse
                             columns: w_warehouse_sk, w_warehouse_name
                             min-max stats
                    BROADCAST EXCHANGE stats={rows=100000}
                      SCAN tpcds.item stats={rows=100000}
                           TABLE: tpcds.item
                           columns: i_item_sk, i_item_desc
                           min-max stats
                  BROADCAST EXCHANGE stats={rows=100000}
                    SCAN tpcds.promotion stats={rows=100000}
                         TABLE: tpcds.promotion
                         columns: p_promo_sk
                         min-max stats
