RESOURCE GROUP: default_wg

PLAN COST
  CPU: 184.8
  Memory: 78.4

PLAN FRAGMENT 0(F06)
  Fragment Cost: 96.0
  Output Exprs:6: o_orderpriority | 41: count
  Input Partition: UNPARTITIONED
  RESULT SINK

  12:MERGING-EXCHANGE
     distribution type: GATHER
     cardinality: 1

PLAN FRAGMENT 1(F05)
  Fragment Cost: 157.20000000000002

  Input Partition: HASH_PARTITIONED: 6: o_orderpriority
  OutPut Partition: UNPARTITIONED
  OutPut Exchange Id: 12

  11:SORT
  |  order by: [6, VARCHAR, false] ASC
  |  offset: 0
  |  cardinality: 1
  |
  10:AGGREGATE (merge finalize)
  |  aggregate: count[([41: count, BIGINT, false]); args: ; result: BIGINT; args nullable: true; result nullable: false]
  |  group by: [6: o_orderpriority, VARCHAR, false]
  |  cardinality: 1
  |
  9:EXCHANGE
     distribution type: SHUFFLE
     partition exprs: [6: o_orderpriority, VARCHAR, false]
     cardinality: 1

PLAN FRAGMENT 2(F04)
  Fragment Cost: 48.400000000000006

  Input Partition: HASH_PARTITIONED: 1: o_orderkey
  OutPut Partition: HASH_PARTITIONED: 6: o_orderpriority
  OutPut Exchange Id: 09

  8:AGGREGATE (update serialize)
  |  STREAMING
  |  aggregate: count[(*); args: ; result: BIGINT; args nullable: false; result nullable: false]
  |  group by: [6: o_orderpriority, VARCHAR, false]
  |  cardinality: 1
  |
  7:Project
  |  output columns:
  |  6 <-> [6: o_orderpriority, VARCHAR, false]
  |  cardinality: 1
  |
  6:HASH JOIN
  |  join op: LEFT SEMI JOIN (PARTITIONED)
  |  equal join conjunct: [1: o_orderkey, INT, false] = [17: l_orderkey, INT, false]
  |  build runtime filters:
  |  - filter_id = 0, build_expr = (17: l_orderkey), remote = true
  |  output columns: 6
  |  can local shuffle: true
  |  cardinality: 1
  |
  |----5:EXCHANGE
  |       distribution type: SHUFFLE
  |       partition exprs: [17: l_orderkey, INT, false]
  |       cardinality: 1
  |
  2:EXCHANGE
     distribution type: SHUFFLE
     partition exprs: [1: o_orderkey, INT, false]
     cardinality: 1

PLAN FRAGMENT 3(F02)
  Fragment Cost: 6.0

  Input Partition: RANDOM
  OutPut Partition: HASH_PARTITIONED: 17: l_orderkey
  OutPut Exchange Id: 05

  4:Project
  |  output columns:
  |  17 <-> [17: l_orderkey, INT, false]
  |  cardinality: 1
  |
  3:OlapScanNode
     table: lineitem, rollup: lineitem
     preAggregation: on
     Predicates: [29: l_receiptdate, DATE, false] > [28: l_commitdate, DATE, false]
     partitionsRatio=1/1, tabletsRatio=1/1
     tabletList=99032
     actualRows=0, avgRowSize=3.0
     cardinality: 1

PLAN FRAGMENT 4(F00)
  Fragment Cost: 12.0

  Input Partition: RANDOM
  OutPut Partition: HASH_PARTITIONED: 1: o_orderkey
  OutPut Exchange Id: 02

  1:Project
  |  output columns:
  |  1 <-> [1: o_orderkey, INT, false]
  |  6 <-> [6: o_orderpriority, CHAR, false]
  |  cardinality: 1
  |
  0:OlapScanNode
     table: orders, rollup: orders
     preAggregation: on
     Predicates: [5: o_orderdate, DATE, false] >= '1994-09-01', [5: o_orderdate, DATE, false] < '1994-12-01'
     partitionsRatio=1/1, tabletsRatio=1/1
     tabletList=99048
     actualRows=0, avgRowSize=3.0
     cardinality: 1
     probe runtime filters:
     - filter_id = 0, probe_expr = (1: o_orderkey)
