RESOURCE GROUP: default_wg

PLAN COST
  CPU: 419.20000000000005
  Memory: 97.6

PLAN FRAGMENT 0(F06)
  Fragment Cost: 64.0
  Output Exprs:22: i_product_name
  Input Partition: UNPARTITIONED
  RESULT SINK

  13:MERGING-EXCHANGE
     distribution type: GATHER
     limit: 100
     cardinality: 1

PLAN FRAGMENT 1(F05)
  Fragment Cost: 104.80000000000001

  Input Partition: HASH_PARTITIONED: 22: i_product_name
  OutPut Partition: UNPARTITIONED
  OutPut Exchange Id: 13

  12:TOP-N
  |  order by: [22, VARCHAR, true] ASC
  |  offset: 0
  |  limit: 100
  |  cardinality: 1
  |
  11:AGGREGATE (merge finalize)
  |  group by: [22: i_product_name, VARCHAR, true]
  |  cardinality: 1
  |
  10:EXCHANGE
     distribution type: SHUFFLE
     partition exprs: [22: i_product_name, VARCHAR, true]
     cardinality: 1

PLAN FRAGMENT 2(F04)
  Fragment Cost: 128.39999999999998

  Input Partition: HASH_PARTITIONED: 15: i_manufact
  OutPut Partition: HASH_PARTITIONED: 22: i_product_name
  OutPut Exchange Id: 10

  9:AGGREGATE (update serialize)
  |  STREAMING
  |  group by: [22: i_product_name, VARCHAR, true]
  |  cardinality: 1
  |
  8:Project
  |  output columns:
  |  22 <-> [22: i_product_name, VARCHAR, true]
  |  cardinality: 1
  |
  7:HASH JOIN
  |  join op: LEFT SEMI JOIN (PARTITIONED)
  |  equal join conjunct: [15: i_manufact, VARCHAR, true] = [44: i_manufact, VARCHAR, true]
  |  build runtime filters:
  |  - filter_id = 0, build_expr = (44: i_manufact), remote = true
  |  output columns: 22
  |  can local shuffle: true
  |  cardinality: 1
  |
  |----6:EXCHANGE
  |       distribution type: SHUFFLE
  |       partition exprs: [44: i_manufact, VARCHAR, true]
  |       cardinality: 1
  |
  2:EXCHANGE
     distribution type: SHUFFLE
     partition exprs: [15: i_manufact, VARCHAR, true]
     cardinality: 1

PLAN FRAGMENT 3(F02)
  Fragment Cost: 128.0
  colocate exec groups: ExecGroup{groupId=6, nodeIds=[3, 4, 5]}

  Input Partition: RANDOM
  OutPut Partition: HASH_PARTITIONED: 44: i_manufact
  OutPut Exchange Id: 06

  5:AGGREGATE (update finalize)
  |  aggregate: count[(*); args: ; result: BIGINT; args nullable: false; result nullable: false]
  |  group by: [44: i_manufact, VARCHAR, true]
  |  having: ifnull[([59: count, BIGINT, false], 0); args: BIGINT,BIGINT; result: BIGINT; args nullable: false; result nullable: true] > 0
  |  cardinality: 1
  |
  4:Project
  |  output columns:
  |  44 <-> [44: i_manufact, CHAR, true]
  |  cardinality: 1
  |
  3:OlapScanNode
     table: item, rollup: item
     preAggregation: on
     Predicates: (((([42: i_category, CHAR, true] = 'Women') AND ((((([47: i_color, CHAR, true] = 'powder') OR ([47: i_color, CHAR, true] = 'khaki')) AND (([48: i_units, CHAR, true] = 'Ounce') OR ([48: i_units, CHAR, true] = 'Oz'))) AND (([45: i_size, CHAR, true] = 'medium') OR ([45: i_size, CHAR, true] = 'extra large'))) OR (((([47: i_color, CHAR, true] = 'brown') OR ([47: i_color, CHAR, true] = 'honeydew')) AND (([48: i_units, CHAR, true] = 'Bunch') OR ([48: i_units, CHAR, true] = 'Ton'))) AND (([45: i_size, CHAR, true] = 'N/A') OR ([45: i_size, CHAR, true] = 'small'))))) OR (((([42: i_category, CHAR, true] = 'Men') AND (([47: i_color, CHAR, true] = 'floral') OR ([47: i_color, CHAR, true] = 'deep'))) AND (([48: i_units, CHAR, true] = 'N/A') OR ([48: i_units, CHAR, true] = 'Dozen'))) AND (([45: i_size, CHAR, true] = 'petite') OR ([45: i_size, CHAR, true] = 'large')))) OR (((([42: i_category, CHAR, true] = 'Men') AND (([47: i_color, CHAR, true] = 'light') OR ([47: i_color, CHAR, true] = 'cornflower'))) AND (([48: i_units, CHAR, true] = 'Box') OR ([48: i_units, CHAR, true] = 'Pound'))) AND (([45: i_size, CHAR, true] = 'medium') OR ([45: i_size, CHAR, true] = 'extra large')))) OR (((([42: i_category, CHAR, true] = 'Women') AND ((((([47: i_color, CHAR, true] = 'midnight') OR ([47: i_color, CHAR, true] = 'snow')) AND (([48: i_units, CHAR, true] = 'Pallet') OR ([48: i_units, CHAR, true] = 'Gross'))) AND (([45: i_size, CHAR, true] = 'medium') OR ([45: i_size, CHAR, true] = 'extra large'))) OR (((([47: i_color, CHAR, true] = 'cyan') OR ([47: i_color, CHAR, true] = 'papaya')) AND (([48: i_units, CHAR, true] = 'Cup') OR ([48: i_units, CHAR, true] = 'Dram'))) AND (([45: i_size, CHAR, true] = 'N/A') OR ([45: i_size, CHAR, true] = 'small'))))) OR (((([42: i_category, CHAR, true] = 'Men') AND (([47: i_color, CHAR, true] = 'orange') OR ([47: i_color, CHAR, true] = 'frosted'))) AND (([48: i_units, CHAR, true] = 'Each') OR ([48: i_units, CHAR, true] = 'Tbl'))) AND (([45: i_size, CHAR, true] = 'petite') OR ([45: i_size, CHAR, true] = 'large')))) OR (((([42: i_category, CHAR, true] = 'Men') AND (([47: i_color, CHAR, true] = 'forest') OR ([47: i_color, CHAR, true] = 'ghost'))) AND (([48: i_units, CHAR, true] = 'Lb') OR ([48: i_units, CHAR, true] = 'Bundle'))) AND (([45: i_size, CHAR, true] = 'medium') OR ([45: i_size, CHAR, true] = 'extra large')))), [42: i_category, CHAR, true] IN ('Women', 'Men'), [45: i_size, CHAR, true] IN ('medium', 'extra large', 'N/A', 'small', 'petite', 'large'), [47: i_color, CHAR, true] IN ('powder', 'khaki', 'brown', 'honeydew', 'floral', 'deep', 'light', 'cornflower', 'midnight', 'snow', 'cyan', 'papaya', 'orange', 'frosted', 'forest', 'ghost'), [48: i_units, CHAR, true] IN ('Ounce', 'Oz', 'Bunch', 'Ton', 'N/A', 'Dozen', 'Box', 'Pound', 'Pallet', 'Gross', 'Cup', 'Dram', 'Each', 'Tbl', 'Lb', 'Bundle')
     partitionsRatio=1/1, tabletsRatio=1/1
     tabletList=99161
     actualRows=0, avgRowSize=5.0
     cardinality: 1

PLAN FRAGMENT 4(F00)
  Fragment Cost: 18.0

  Input Partition: RANDOM
  OutPut Partition: HASH_PARTITIONED: 15: i_manufact
  OutPut Exchange Id: 02

  1:Project
  |  output columns:
  |  15 <-> [15: i_manufact, CHAR, true]
  |  22 <-> [22: i_product_name, CHAR, true]
  |  cardinality: 1
  |
  0:OlapScanNode
     table: item, rollup: item
     preAggregation: on
     Predicates: [14: i_manufact_id, INT, true] >= 738, [14: i_manufact_id, INT, true] <= 778
     partitionsRatio=1/1, tabletsRatio=1/1
     tabletList=99161
     actualRows=0, avgRowSize=3.0
     cardinality: 1
     probe runtime filters:
     - filter_id = 0, probe_expr = (15: i_manufact)
