RESOURCE GROUP: default_wg

PLAN COST
  CPU: 1232.8
  Memory: 3360.0

PLAN FRAGMENT 0(F08)
  Fragment Cost: 160.0
  Output Exprs:50: substring | 51: count | 52: sum
  Input Partition: UNPARTITIONED
  RESULT SINK

  16:MERGING-EXCHANGE
     distribution type: GATHER
     cardinality: 1

PLAN FRAGMENT 1(F07)
  Fragment Cost: 262.0

  Input Partition: HASH_PARTITIONED: 50: substring
  OutPut Partition: UNPARTITIONED
  OutPut Exchange Id: 16

  15:SORT
  |  order by: [50, VARCHAR, true] ASC
  |  offset: 0
  |  cardinality: 1
  |
  14:AGGREGATE (merge finalize)
  |  aggregate: count[([51: count, BIGINT, false]); args: ; result: BIGINT; args nullable: true; result nullable: false], sum[([52: sum, DECIMAL128(38,2), true]); args: DECIMAL64; result: DECIMAL128(38,2); args nullable: true; result nullable: true]
  |  group by: [50: substring, VARCHAR, true]
  |  cardinality: 1
  |
  13:EXCHANGE
     distribution type: SHUFFLE
     partition exprs: [50: substring, VARCHAR, true]
     cardinality: 1

PLAN FRAGMENT 2(F06)
  Fragment Cost: 72.79999999999927

  Input Partition: HASH_PARTITIONED: 1: c_custkey
  OutPut Partition: HASH_PARTITIONED: 50: substring
  OutPut Exchange Id: 13

  12:AGGREGATE (update serialize)
  |  STREAMING
  |  aggregate: count[(*); args: ; result: BIGINT; args nullable: false; result nullable: false], sum[([6: c_acctbal, DECIMAL64(15,2), false]); args: DECIMAL64; result: DECIMAL128(38,2); args nullable: false; result nullable: true]
  |  group by: [50: substring, VARCHAR, true]
  |  cardinality: 1
  |
  11:Project
  |  output columns:
  |  6 <-> [6: c_acctbal, DECIMAL64(15,2), false]
  |  50 <-> substring[([5: c_phone, VARCHAR, false], 1, 2); args: VARCHAR,INT,INT; result: VARCHAR; args nullable: false; result nullable: true]
  |  cardinality: 1
  |
  10:HASH JOIN
  |  join op: LEFT ANTI JOIN (PARTITIONED)
  |  equal join conjunct: [1: c_custkey, INT, false] = [34: o_custkey, INT, false]
  |  output columns: 5, 6
  |  can local shuffle: true
  |  cardinality: 1
  |
  |----9:EXCHANGE
  |       distribution type: SHUFFLE
  |       partition exprs: [34: o_custkey, INT, false]
  |       cardinality: 1
  |
  7:EXCHANGE
     distribution type: SHUFFLE
     partition exprs: [1: c_custkey, INT, false]
     cardinality: 1

PLAN FRAGMENT 3(F04)
  Fragment Cost: 2.0

  Input Partition: RANDOM
  OutPut Partition: HASH_PARTITIONED: 34: o_custkey
  OutPut Exchange Id: 09

  8:OlapScanNode
     table: orders, rollup: orders
     preAggregation: on
     partitionsRatio=1/1, tabletsRatio=1/1
     tabletList=99048
     actualRows=0, avgRowSize=1.0
     cardinality: 1

PLAN FRAGMENT 4(F00)
  Fragment Cost: 6982.0

  Input Partition: RANDOM
  OutPut Partition: HASH_PARTITIONED: 1: c_custkey
  OutPut Exchange Id: 07

  6:Project
  |  output columns:
  |  1 <-> [1: c_custkey, INT, false]
  |  5 <-> [5: c_phone, CHAR, false]
  |  6 <-> [6: c_acctbal, DECIMAL64(15,2), false]
  |  cardinality: 1
  |
  5:NESTLOOP JOIN
  |  join op: INNER JOIN
  |  other join predicates: cast([6: c_acctbal, DECIMAL64(15,2), false] as DECIMAL128(38,8)) > [31: avg, DECIMAL128(38,8), true]
  |  can local shuffle: false
  |  cardinality: 1
  |
  |----4:EXCHANGE
  |       distribution type: BROADCAST
  |       cardinality: 1
  |
  0:OlapScanNode
     table: customer, rollup: customer
     preAggregation: on
     Predicates: substring[([5: c_phone, CHAR, false], 1, 2); args: VARCHAR,INT,INT; result: VARCHAR; args nullable: false; result nullable: true] IN ('21', '28', '24', '32', '35', '34', '37')
     partitionsRatio=1/1, tabletsRatio=1/1
     tabletList=99040
     actualRows=0, avgRowSize=3.0
     cardinality: 1

PLAN FRAGMENT 5(F01)
  Fragment Cost: 56.0

  Input Partition: RANDOM
  OutPut Partition: UNPARTITIONED
  OutPut Exchange Id: 04

  3:AGGREGATE (update finalize)
  |  aggregate: avg[([21: c_acctbal, DECIMAL64(15,2), false]); args: DECIMAL64; result: DECIMAL128(38,8); args nullable: false; result nullable: true]
  |  cardinality: 1
  |
  2:Project
  |  output columns:
  |  21 <-> [21: c_acctbal, DECIMAL64(15,2), false]
  |  cardinality: 1
  |
  1:OlapScanNode
     table: customer, rollup: customer
     preAggregation: on
     Predicates: [21: c_acctbal, DECIMAL64(15,2), false] > 0.00, substring[([20: c_phone, CHAR, false], 1, 2); args: VARCHAR,INT,INT; result: VARCHAR; args nullable: false; result nullable: true] IN ('21', '28', '24', '32', '35', '34', '37')
     partitionsRatio=1/1, tabletsRatio=1/1
     tabletList=99040
     actualRows=0, avgRowSize=2.0
     cardinality: 1
